
> coffee-tea-backend@1.0.0 test:products
> cross-env NODE_ENV=test jest products.integration.test.ts --runInBand

­ƒº¬ Setting up test environment...
Ô£à Connected to test database
Ô£à Test database reset complete
Ô£à Test categories and products created
Ô£à Test data seeded
  console.log
    ÔÜá´©Å Redis disabled - REDIS_URL not configured

      at Object.<anonymous> (src/config/database.ts:64:13)

  console.log
    Ô£à Test database connected

      at setupTestDatabase (tests/helpers/testApp.ts:101:17)

  console.log
    Creating product with admin user: admin@test.com

      at Object.<anonymous> (tests/integration/products.integration.test.ts:139:21)

  console.log
    Create product response status: 201

      at Object.<anonymous> (tests/integration/products.integration.test.ts:144:21)

  console.log
    Create product response body: {
      success: true,
      message: 'Product created successfully',
      data: {
        id: 'eec7e5dd-4e55-478f-8341-2001f5705e36',
        name: 'Premium Espresso Blend',
        slug: 'espresso-1756894158230-iy219tpkn',
        description: 'Rich and bold espresso blend',
        shortDesc: null,
        sku: 'PRE-158293',
        basePrice: '29.99',
        comparePrice: null,
        costPrice: null,
        stockQuantity: 100,
        lowStockThreshold: 10,
        trackQuantity: true,
        weight: null,
        dimensions: null,
        roastLevel: null,
        origin: null,
        caffeineLevell: null,
        images: [],
        videos: null,
        tags: [],
        attributes: null,
        metaTitle: null,
        metaDesc: null,
        status: 'ACTIVE',
        isActive: true,
        isFeatured: false,
        isDigital: false,
        viewCount: 0,
        salesCount: 0,
        createdAt: '2025-09-03T10:09:18.295Z',
        updatedAt: '2025-09-03T10:09:18.295Z',
        publishedAt: null,
        categoryId: 'a1b2c3d4-e5f6-7890-abcd-ef1234567890',
        category: {
          id: 'a1b2c3d4-e5f6-7890-abcd-ef1234567890',
          name: 'Coffee Test',
          slug: 'coffee-test',
          description: 'Coffee category for testing',
          imageUrl: null,
          parentId: null,
          metaTitle: null,
          metaDesc: null,
          sortOrder: 0,
          isActive: true,
          isFeatured: false,
          createdAt: '2025-09-03T10:09:17.761Z',
          updatedAt: '2025-09-03T10:09:17.761Z'
        },
        variants: []
      }
    }

      at Object.<anonymous> (tests/integration/products.integration.test.ts:145:21)

  console.log
    Ô£à Test database disconnected

      at cleanupTestDatabase (tests/helpers/testApp.ts:114:17)

node.exe : FAIL tests/integration/products.integration.test.ts (11.642 
s)
At C:\nvm4w\nodejs\npm.ps1:29 char:3
+   & $NODE_EXE $NPM_CLI_JS $args
+   ~~~~~~~~~~~~~~~~~~~~~~~~~~~~~
    + CategoryInfo          : NotSpecified: (FAIL tests/inte...t.ts (1 
   1.642 s):String) [], RemoteException
    + FullyQualifiedErrorId : NativeCommandError
 
  Product Catalog Integration Tests
    GET /api/products
      ÔêÜ should return list of active products for public access (798 
ms)
      ÔêÜ should support pagination (447 ms)
      ├ù should support category filtering (445 ms)
      ÔêÜ should support search functionality (420 ms)
      ÔêÜ should support price range filtering (435 ms)
      ÔêÜ should handle invalid pagination parameters gracefully (463 
ms)
    GET /api/products/:id
      ÔêÜ should return product details for valid product ID (437 ms)
      ÔêÜ should return 404 for non-existent product (448 ms)
      ÔêÜ should return 404 for inactive product (430 ms)
    POST /api/products (Admin Only)
      ├ù should allow admin to create new product (952 ms)
      ├ù should reject customer attempt to create product (478 ms)
      ├ù should validate required fields (537 ms)
      ├ù should prevent duplicate SKU (418 ms)
    PUT /api/products/:id (Admin Only)
      ├ù should allow admin to update product (419 ms)
      ├ù should reject customer attempt to update product (431 ms)
      ├ù should return 404 for non-existent product update (433 ms)
    DELETE /api/products/:id (Admin Only)
      ├ù should allow admin to delete product (437 ms)
      ├ù should reject customer attempt to delete product (444 ms)
    Performance & Load Tests
      ÔêÜ should handle product listing within acceptable time (548 ms)
      ÔêÜ should handle product details fetch within acceptable time 
(420 ms)
      ÔêÜ should handle concurrent product requests (540 ms)

  ÔùÅ Product Catalog Integration Tests ÔÇ║ GET /api/products ÔÇ║ 
should support category filtering

    expect(received).toBe(expected) // Object.is equality

    Expected: "coffee-test"
    Received: "tea-test"

    [0m [90m 68 |[39m
     [90m 69 |[39m     it([32m'should support 
pagination'[39m[33m,[39m [36masync[39m () [33m=>[39m {
    [31m[1m>[22m[39m[90m 70 |[39m       [36mconst[39m response 
[33m=[39m [36mawait[39m helpers[33m.[39mapi[33m.[39m[36mget[3
9m([32m'/api/products?page=1&limit=1'[39m)[33m;[39m
     [90m    |[39m                                                   
           [31m[1m^[22m[39m
     [90m 71 |[39m       [36mconst[39m body [33m=[39m 
helpers[33m.[39mapi[33m.[39mexpectSuccess(response)[33m;[39m
     [90m 72 |[39m
     [90m 73 |[39m       expect(body[33m.[39mdata)[33m.[39mtoHave
Length([35m1[39m)[33m;[39m[0m

      at tests/integration/products.integration.test.ts:70:62
          at Array.forEach (<anonymous>)
      at Object.<anonymous> 
(tests/integration/products.integration.test.ts:69:23)

  ÔùÅ Product Catalog Integration Tests ÔÇ║ POST /api/products (Admin 
Only) ÔÇ║ should allow admin to create new product

    expect(received).toBe(expected) // Object.is equality

    Expected: "ESP-1756894158230"
    Received: "PRE-158293"

    [0m [90m 147 |[39m     })[33m;[39m
     [90m 148 |[39m   })[33m;[39m
    [31m[1m>[22m[39m[90m 149 |[39m
     [90m     |[39m [31m[1m^[22m[39m
     [90m 150 |[39m   describe([32m'POST /api/products (Admin 
Only)'[39m[33m,[39m () [33m=>[39m {
     [90m 151 |[39m     it([32m'should allow admin to create new 
product'[39m[33m,[39m [36masync[39m () [33m=>[39m {
     [90m 152 |[39m       [90m// Login as admin to get valid 
token[39m[0m

      at Object.<anonymous> 
(tests/integration/products.integration.test.ts:149:50)

  ÔùÅ Product Catalog Integration Tests ÔÇ║ POST /api/products (Admin 
Only) ÔÇ║ should reject customer attempt to create product

    expect(received).toBe(expected) // Object.is equality

    Expected: 403
    Received: 401

    [0m [90m 121 |[39m     expect(response[33m.[39mstatus)[33m.[
39mtoBe([35m401[39m)[33m;[39m
     [90m 122 |[39m     expect(response[33m.[39mbody)[33m.[39mtoH
aveProperty([32m'success'[39m[33m,[39m [36mfalse[39m)[33m;[39m
    [31m[1m>[22m[39m[90m 123 |[39m     [36mreturn[39m 
response[33m.[39mbody[33m;[39m
     [90m     |[39m                                 
[31m[1m^[22m[39m
     [90m 124 |[39m   }
     [90m 125 |[39m
     [90m 126 |[39m   [90m/**[39m[0m

      at ApiTestHelper.expectForbidden 
(tests/helpers/testHelpers.ts:123:33)
      at Object.<anonymous> 
(tests/integration/products.integration.test.ts:161:25)

  ÔùÅ Product Catalog Integration Tests ÔÇ║ POST /api/products (Admin 
Only) ÔÇ║ should validate required fields

    expect(received).toBe(expected) // Object.is equality

    Expected: 400
    Received: 401

    [0m [90m  99 |[39m     [36mreturn[39m 
response[33m.[39mbody[33m;[39m
     [90m 100 |[39m   }
    [31m[1m>[22m[39m[90m 101 |[39m
     [90m     |[39m [31m[1m^[22m[39m
     [90m 102 |[39m   [90m/**[39m
     [90m 103 |[39m [90m   * Expect validation error - Updated for 
actual API response format[39m
     [90m 104 |[39m [90m   */[39m[0m

      at ApiTestHelper.expectValidationError 
(tests/helpers/testHelpers.ts:101:33)
      at Object.<anonymous> 
(tests/integration/products.integration.test.ts:169:25)

  ÔùÅ Product Catalog Integration Tests ÔÇ║ POST /api/products (Admin 
Only) ÔÇ║ should prevent duplicate SKU

    expect(received).toBe(expected) // Object.is equality

    Expected: 400
    Received: 401

    [0m [90m 88 |[39m   }
     [90m 89 |[39m
    [31m[1m>[22m[39m[90m 90 |[39m   [90m/**[39m
     [90m    |[39m                [31m[1m^[22m[39m
     [90m 91 |[39m [90m   * Expect error response[39m
     [90m 92 |[39m [90m   */[39m
     [90m 93 |[39m   expectError(response[33m:[39m 
request[33m.[39m[33mResponse[39m[33m,[39m 
expectedStatusCode[33m:[39m number[33m,[39m 
expectedMessage[33m?[39m[33m:[39m string) {[0m

      at ApiTestHelper.expectError (tests/helpers/testHelpers.ts:90:33)
      at Object.<anonymous> 
(tests/integration/products.integration.test.ts:180:25)

  ÔùÅ Product Catalog Integration Tests ÔÇ║ PUT /api/products/:id 
(Admin Only) ÔÇ║ should allow admin to update product

    expect(received).toBe(expected) // Object.is equality

    Expected: 200
    Received: 401

    [0m [90m 80 |[39m
     [90m 81 |[39m   [90m/**[39m
    [31m[1m>[22m[39m[90m 82 |[39m [90m   * Expect successful 
response[39m
­ƒº¬ Cleaning up test environment...
Ô£à Disconnected from test database
     [90m    |[39m                                 
[31m[1m^[22m[39m
     [90m 83 |[39m [90m   */[39m
     [90m 84 |[39m   expectSuccess(response[33m:[39m 
request[33m.[39m[33mResponse[39m[33m,[39m 
expectedStatusCode[33m:[39m number [33m=[39m [35m200[39m) {
     [90m 85 |[39m     expect(response[33m.[39mstatus)[33m.[39mto
Be(expectedStatusCode)[33m;[39m[0m

      at ApiTestHelper.expectSuccess 
(tests/helpers/testHelpers.ts:82:33)
      at Object.<anonymous> 
(tests/integration/products.integration.test.ts:192:38)

  ÔùÅ Product Catalog Integration Tests ÔÇ║ PUT /api/products/:id 
(Admin Only) ÔÇ║ should reject customer attempt to update product

    expect(received).toBe(expected) // Object.is equality

    Expected: 403
    Received: 401

    [0m [90m 121 |[39m     expect(response[33m.[39mstatus)[33m.[
39mtoBe([35m401[39m)[33m;[39m
     [90m 122 |[39m     expect(response[33m.[39mbody)[33m.[39mtoH
aveProperty([32m'success'[39m[33m,[39m [36mfalse[39m)[33m;[39m
    [31m[1m>[22m[39m[90m 123 |[39m     [36mreturn[39m 
response[33m.[39mbody[33m;[39m
     [90m     |[39m                                 
[31m[1m^[22m[39m
     [90m 124 |[39m   }
     [90m 125 |[39m
     [90m 126 |[39m   [90m/**[39m[0m

      at ApiTestHelper.expectForbidden 
(tests/helpers/testHelpers.ts:123:33)
      at Object.<anonymous> 
(tests/integration/products.integration.test.ts:201:25)

  ÔùÅ Product Catalog Integration Tests ÔÇ║ PUT /api/products/:id 
(Admin Only) ÔÇ║ should return 404 for non-existent product update

    expect(received).toBe(expected) // Object.is equality

    Expected: 404
    Received: 401

    [0m [90m 129 |[39m   expectForbidden(response[33m:[39m 
request[33m.[39m[33mResponse[39m) {
     [90m 130 |[39m     expect(response[33m.[39mstatus)[33m.[39mt
oBe([35m403[39m)[33m;[39m
    [31m[1m>[22m[39m[90m 131 |[39m     expect(response[33m.[39m
body)[33m.[39mtoHaveProperty([32m'success'[39m[33m,[39m 
[36mfalse[39m)[33m;[39m
     [90m     |[39m                                 
[31m[1m^[22m[39m
     [90m 132 |[39m     [36mreturn[39m 
response[33m.[39mbody[33m;[39m
     [90m 133 |[39m   }
     [90m 134 |[39m[0m

      at ApiTestHelper.expectNotFound 
(tests/helpers/testHelpers.ts:131:33)
      at Object.<anonymous> 
(tests/integration/products.integration.test.ts:206:25)

  ÔùÅ Product Catalog Integration Tests ÔÇ║ DELETE /api/products/:id 
(Admin Only) ÔÇ║ should allow admin to delete product

    expect(received).toBe(expected) // Object.is equality

    Expected: 200
    Received: 401

    [0m [90m 80 |[39m
     [90m 81 |[39m   [90m/**[39m
    [31m[1m>[22m[39m[90m 82 |[39m [90m   * Expect successful 
response[39m
     [90m    |[39m                                 
[31m[1m^[22m[39m
     [90m 83 |[39m [90m   */[39m
     [90m 84 |[39m   expectSuccess(response[33m:[39m 
request[33m.[39m[33mResponse[39m[33m,[39m 
expectedStatusCode[33m:[39m number [33m=[39m [35m200[39m) {
     [90m 85 |[39m     expect(response[33m.[39mstatus)[33m.[39mto
Be(expectedStatusCode)[33m;[39m[0m

      at ApiTestHelper.expectSuccess 
(tests/helpers/testHelpers.ts:82:33)
      at Object.<anonymous> 
(tests/integration/products.integration.test.ts:213:25)

  ÔùÅ Product Catalog Integration Tests ÔÇ║ DELETE /api/products/:id 
(Admin Only) ÔÇ║ should reject customer attempt to delete product

    expect(received).toBe(expected) // Object.is equality

    Expected: 403
    Received: 401

    [0m [90m 121 |[39m     expect(response[33m.[39mstatus)[33m.[
39mtoBe([35m401[39m)[33m;[39m
     [90m 122 |[39m     expect(response[33m.[39mbody)[33m.[39mtoH
aveProperty([32m'success'[39m[33m,[39m [36mfalse[39m)[33m;[39m
    [31m[1m>[22m[39m[90m 123 |[39m     [36mreturn[39m 
response[33m.[39mbody[33m;[39m
     [90m     |[39m                                 
[31m[1m^[22m[39m
     [90m 124 |[39m   }
     [90m 125 |[39m
     [90m 126 |[39m   [90m/**[39m[0m

      at ApiTestHelper.expectForbidden 
(tests/helpers/testHelpers.ts:123:33)
      at Object.<anonymous> 
(tests/integration/products.integration.test.ts:221:25)

Test Suites: 1 failed, 1 total
Tests:       10 failed, 11 passed, 21 total
Snapshots:   0 total
Time:        11.735 s, estimated 13 s
Ran all test suites matching /products.integration.test.ts/i.
npm error Lifecycle script `test:products` failed with error:
npm error code 1
npm error path 
D:\Dai_Hoc_Nam_4\HK1\NodeJS\CK\final_project\coffee_and_tea\backend
npm error workspace coffee-tea-backend@1.0.0
npm error location 
D:\Dai_Hoc_Nam_4\HK1\NodeJS\CK\final_project\coffee_and_tea\backend
npm error command failed
npm error command C:\WINDOWS\system32\cmd.exe /d /s /c cross-env 
NODE_ENV=test jest products.integration.test.ts --runInBand
